// Jest Snapshot v1, https://goo.gl/fbAQLP

exports[`Button test â€“ React Testing Library should match snapshot 1`] = `
<DocumentFragment>
  <button
    style="border-radius: 50%;"
  />
</DocumentFragment>
`;
