// Jest Snapshot v1, https://goo.gl/fbAQLP

exports[`CounterHooks test â€“ React Testing Library should match snapshot 1`] = `
<DocumentFragment>
  <div>
    <h1
      data-testid="counter__number-display"
    >
      0
    </h1>
    <button
      data-testid="counter__button--inc"
      style="border-radius: 50%;"
    >
      +
    </button>
  </div>
</DocumentFragment>
`;
